[debug] [2026-07-29T18:39:16.241Z] ----------------------------------------------------------------------
[debug] [2026-07-29T18:39:16.245Z] Command:       C:\nvm4w\nodejs\node.exe C:\Users\AdrianJ\AppData\Local\npm-cache\_npx\7750544ccf494d8b\node_modules\firebase-tools\lib\bin\firebase.js deploy --only firestore:rules --project lauvetickets --non-interactive
[debug] [2026-07-29T18:39:16.245Z] CLI Version:   15.24.0
[debug] [2026-07-29T18:39:16.245Z] Platform:      win32
[debug] [2026-07-29T18:39:16.245Z] Node Version:  v22.14.0
[debug] [2026-07-29T18:39:16.246Z] Detected Agent: codex_cli
[debug] [2026-07-29T18:39:16.246Z] Time:          Wed Jul 29 2026 20:39:16 GMT+0200 (hora de verano de Europa central)
[debug] [2026-07-29T18:39:16.246Z] ----------------------------------------------------------------------
[debug] 
[debug] [2026-07-29T18:39:16.259Z] >>> [apiv2][query] GET https://firebase-public.firebaseio.com/cli.json [none]
[debug] [2026-07-29T18:39:41.932Z] > command requires scopes: ["email","openid","https://www.googleapis.com/auth/cloudplatformprojects.readonly","https://www.googleapis.com/auth/firebase","https://www.googleapis.com/auth/cloud-platform"]
[debug] [2026-07-29T18:39:41.954Z] Error: Could not load the default credentials. Browse to https://cloud.google.com/docs/authentication/getting-started for more information.
    at GoogleAuth.getApplicationDefaultAsync (C:\Users\adria\AppData\Local\npm-cache\_npx\7750544ccf494d8b\node_modules\google-auth-library\build\src\auth\googleauth.js:287:15)
    at process.processTicksAndRejections (node:internal/process/task_queues:105:5)
    at async GoogleAuth._GoogleAuth_determineClient (C:\Users\adria\AppData\Local\npm-cache\_npx\7750544ccf494d8b\node_modules\google-auth-library\build\src\auth\googleauth.js:834:32)
    at async GoogleAuth.getClient (C:\Users\adria\AppData\Local\npm-cache\_npx\7750544ccf494d8b\node_modules\google-auth-library\build\src\auth\googleauth.js:698:20)
    at async GoogleAuth.getAccessToken (C:\Users\adria\AppData\Local\npm-cache\_npx\7750544ccf494d8b\node_modules\google-auth-library\build\src\auth\googleauth.js:722:24)
    at async autoAuth (C:\Users\adria\AppData\Local\npm-cache\_npx\7750544ccf494d8b\node_modules\firebase-tools\lib\requireAuth.js:38:19)
    at async requireAuth (C:\Users\adria\AppData\Local\npm-cache\_npx\7750544ccf494d8b\node_modules\firebase-tools\lib\requireAuth.js:100:20)
    at async requirePermissions (C:\Users\adria\AppData\Local\npm-cache\_npx\7750544ccf494d8b\node_modules\firebase-tools\lib\requirePermissions.js:17:5)
    at async C:\Users\adria\AppData\Local\npm-cache\_npx\7750544ccf494d8b\node_modules\firebase-tools\lib\command.js:271:17
[error] 
[error] Error: Failed to authenticate, have you run firebase login?
[debug] [2026-07-29T18:39:42.187Z] <<< [apiv2][status] GET https://firebase-public.firebaseio.com/cli.json 200
[debug] [2026-07-29T18:39:42.187Z] <<< [apiv2][body] GET https://firebase-public.firebaseio.com/cli.json {"cloudBuildErrorAfter":1594252800000,"cloudBuildWarnAfter":1590019200000,"defaultNode10After":1594252800000,"minVersion":"3.0.5","node8DeploysDisabledAfter":1613390400000,"node8RuntimeDisabledAfter":1615809600000,"node8WarnAfter":1600128000000}
[debug] [2026-07-30T09:50:49.190Z] ----------------------------------------------------------------------
[debug] [2026-07-30T09:50:49.194Z] Command:       C:\nvm4w\nodejs\node.exe C:\Users\AdrianJ\AppData\Local\npm-cache\_npx\7750544ccf494d8b\node_modules\firebase-tools\lib\bin\firebase.js deploy --only firestore:rules --project lauvetickets --non-interactive
[debug] [2026-07-30T09:50:49.194Z] CLI Version:   15.25.0
[debug] [2026-07-30T09:50:49.194Z] Platform:      win32
[debug] [2026-07-30T09:50:49.194Z] Node Version:  v22.14.0
[debug] [2026-07-30T09:50:49.195Z] Detected Agent: codex_cli
[debug] [2026-07-30T09:50:49.195Z] Time:          Thu Jul 30 2026 11:50:49 GMT+0200 (hora de verano de Europa central)
[debug] [2026-07-30T09:50:49.195Z] ----------------------------------------------------------------------
[debug] 
[debug] [2026-07-30T09:51:09.695Z] > command requires scopes: ["email","openid","https://www.googleapis.com/auth/cloudplatformprojects.readonly","https://www.googleapis.com/auth/firebase","https://www.googleapis.com/auth/cloud-platform"]
[debug] [2026-07-30T09:51:09.724Z] Error: Could not load the default credentials. Browse to https://cloud.google.com/docs/authentication/getting-started for more information.
    at GoogleAuth.getApplicationDefaultAsync (C:\Users\adria\AppData\Local\npm-cache\_npx\7750544ccf494d8b\node_modules\google-auth-library\build\src\auth\googleauth.js:287:15)
    at process.processTicksAndRejections (node:internal/process/task_queues:105:5)
    at async GoogleAuth._GoogleAuth_determineClient (C:\Users\adria\AppData\Local\npm-cache\_npx\7750544ccf494d8b\node_modules\google-auth-library\build\src\auth\googleauth.js:834:32)
    at async GoogleAuth.getClient (C:\Users\adria\AppData\Local\npm-cache\_npx\7750544ccf494d8b\node_modules\google-auth-library\build\src\auth\googleauth.js:698:20)
    at async GoogleAuth.getAccessToken (C:\Users\adria\AppData\Local\npm-cache\_npx\7750544ccf494d8b\node_modules\google-auth-library\build\src\auth\googleauth.js:722:24)
    at async autoAuth (C:\Users\adria\AppData\Local\npm-cache\_npx\7750544ccf494d8b\node_modules\firebase-tools\lib\requireAuth.js:38:19)
    at async requireAuth (C:\Users\adria\AppData\Local\npm-cache\_npx\7750544ccf494d8b\node_modules\firebase-tools\lib\requireAuth.js:100:20)
    at async requirePermissions (C:\Users\adria\AppData\Local\npm-cache\_npx\7750544ccf494d8b\node_modules\firebase-tools\lib\requirePermissions.js:17:5)
    at async C:\Users\adria\AppData\Local\npm-cache\_npx\7750544ccf494d8b\node_modules\firebase-tools\lib\command.js:275:17
[error] 
[error] Error: Failed to authenticate, have you run firebase login?
[debug] [2026-07-30T09:57:57.139Z] ----------------------------------------------------------------------
[debug] [2026-07-30T09:57:57.143Z] Command:       C:\nvm4w\nodejs\node.exe C:\Users\AdrianJ\AppData\Local\npm-cache\_npx\7750544ccf494d8b\node_modules\firebase-tools\lib\bin\firebase.js deploy --only firestore:rules --project lauvetickets --non-interactive
[debug] [2026-07-30T09:57:57.143Z] CLI Version:   15.25.0
[debug] [2026-07-30T09:57:57.143Z] Platform:      win32
[debug] [2026-07-30T09:57:57.143Z] Node Version:  v22.14.0
[debug] [2026-07-30T09:57:57.144Z] Detected Agent: codex_cli
[debug] [2026-07-30T09:57:57.144Z] Time:          Thu Jul 30 2026 11:57:57 GMT+0200 (hora de verano de Europa central)
[debug] [2026-07-30T09:57:57.144Z] ----------------------------------------------------------------------
[debug] 
[debug] [2026-07-30T09:58:11.714Z] > command requires scopes: ["email","openid","https://www.googleapis.com/auth/cloudplatformprojects.readonly","https://www.googleapis.com/auth/firebase","https://www.googleapis.com/auth/cloud-platform"]
[debug] [2026-07-30T09:58:11.743Z] Error: Could not load the default credentials. Browse to https://cloud.google.com/docs/authentication/getting-started for more information.
    at GoogleAuth.getApplicationDefaultAsync (C:\Users\adria\AppData\Local\npm-cache\_npx\7750544ccf494d8b\node_modules\google-auth-library\build\src\auth\googleauth.js:287:15)
    at process.processTicksAndRejections (node:internal/process/task_queues:105:5)
    at async GoogleAuth._GoogleAuth_determineClient (C:\Users\adria\AppData\Local\npm-cache\_npx\7750544ccf494d8b\node_modules\google-auth-library\build\src\auth\googleauth.js:834:32)
    at async GoogleAuth.getClient (C:\Users\adria\AppData\Local\npm-cache\_npx\7750544ccf494d8b\node_modules\google-auth-library\build\src\auth\googleauth.js:698:20)
    at async GoogleAuth.getAccessToken (C:\Users\adria\AppData\Local\npm-cache\_npx\7750544ccf494d8b\node_modules\google-auth-library\build\src\auth\googleauth.js:722:24)
    at async autoAuth (C:\Users\adria\AppData\Local\npm-cache\_npx\7750544ccf494d8b\node_modules\firebase-tools\lib\requireAuth.js:38:19)
    at async requireAuth (C:\Users\adria\AppData\Local\npm-cache\_npx\7750544ccf494d8b\node_modules\firebase-tools\lib\requireAuth.js:100:20)
    at async requirePermissions (C:\Users\adria\AppData\Local\npm-cache\_npx\7750544ccf494d8b\node_modules\firebase-tools\lib\requirePermissions.js:17:5)
    at async C:\Users\adria\AppData\Local\npm-cache\_npx\7750544ccf494d8b\node_modules\firebase-tools\lib\command.js:275:17
[error] 
[error] Error: Failed to authenticate, have you run firebase login?
[debug] [2026-07-30T09:59:06.589Z] ----------------------------------------------------------------------
[debug] [2026-07-30T09:59:06.593Z] Command:       C:\nvm4w\nodejs\node.exe C:\Users\AdrianJ\AppData\Local\npm-cache\_npx\7750544ccf494d8b\node_modules\firebase-tools\lib\bin\firebase.js login --reauth
[debug] [2026-07-30T09:59:06.593Z] CLI Version:   15.25.0
[debug] [2026-07-30T09:59:06.593Z] Platform:      win32
[debug] [2026-07-30T09:59:06.593Z] Node Version:  v22.14.0
[debug] [2026-07-30T09:59:06.594Z] Detected Agent: codex_cli
[debug] [2026-07-30T09:59:06.594Z] Time:          Thu Jul 30 2026 11:59:06 GMT+0200 (hora de verano de Europa central)
[debug] [2026-07-30T09:59:06.594Z] ----------------------------------------------------------------------
[debug] 
[error] 
[error] Error: Cannot run login in non-interactive mode. See login:ci to generate a token for use in non-interactive environments.
